09:58:38 **** Incremental Build of configuration Debug for project fifth_sesion ****
make -j8 all 
arm-none-eabi-gcc "../Core/Src/main.c" -mcpu=cortex-m0 -std=gnu11 -g3 -DDEBUG -DUSE_HAL_DRIVER -DSTM32F030x8 -c -I../Core/Inc -I../Drivers/STM32F0xx_HAL_Driver/Inc -I../Drivers/STM32F0xx_HAL_Driver/Inc/Legacy -I../Drivers/CMSIS/Device/ST/STM32F0xx/Include -I../Drivers/CMSIS/Include -O0 -ffunction-sections -fdata-sections -Wall -fstack-usage -fcyclomatic-complexity -MMD -MP -MF"Core/Src/main.d" -MT"Core/Src/main.o" --specs=nano.specs -mfloat-abi=soft -mthumb -o "Core/Src/main.o"
../Core/Src/main.c: In function 'uart_process_command':
../Core/Src/main.c:78:24: warning: passing argument 1 of 'strtok' discards 'const' qualifier from pointer target type [-Wdiscarded-qualifiers]
   78 |         token = strtok(data," ");
      |                        ^~~~
In file included from ../Core/Src/main.c:25:
C:\ST\STM32CubeIDE_1.16.1\STM32CubeIDE\plugins\com.st.stm32cube.ide.mcu.externaltools.gnu-tools-for-stm32.12.3.rel1.win32_1.0.200.202406191623\tools\bin/../lib/gcc/arm-none-eabi/12.3.1/../../../../arm-none-eabi/include/string.h:50:18: note: expected 'char * restrict' but argument is of type 'const char *'
   50 | char    *strtok (char *__restrict, const char *__restrict);
      |                  ^
../Core/Src/main.c:126:84: warning: passing argument 5 of 'HAL_I2C_Mem_Read' makes pointer from integer without a cast [-Wint-conversion]
  126 |                 HAL_I2C_Mem_Read(&hi2c1, EEPROM_ADDR, addr, I2C_MEMADD_SIZE_16BIT, values, sizeof(values), 1000);
      |                                                                                    ^~~~~~
      |                                                                                    |
      |                                                                                    uint8_t {aka unsigned char}
In file included from ../Core/Inc/stm32f0xx_hal_conf.h:241,
                 from ../Drivers/STM32F0xx_HAL_Driver/Inc/stm32f0xx_hal.h:29,
                 from ../Core/Inc/main.h:30,
                 from ../Core/Src/main.c:20:
../Drivers/STM32F0xx_HAL_Driver/Inc/stm32f0xx_hal_i2c.h:635:66: note: expected 'uint8_t *' {aka 'unsigned char *'} but argument is of type 'uint8_t' {aka 'unsigned char'}
  635 |                                    uint16_t MemAddSize, uint8_t *pData, uint16_t Size, uint32_t Timeout);
      |                                                         ~~~~~~~~~^~~~~
../Core/Src/main.c:130:82: warning: passing argument 5 of 'HAL_I2C_Mem_Write' discards 'const' qualifier from pointer target type [-Wdiscarded-qualifiers]
  130 |                 HAL_I2C_Mem_Write(&hi2c1, EEPROM_ADDR, 0, I2C_MEMADD_SIZE_16BIT, data, sizeof(data), 1000);
      |                                                                                  ^~~~
../Drivers/STM32F0xx_HAL_Driver/Inc/stm32f0xx_hal_i2c.h:633:67: note: expected 'uint8_t *' {aka 'unsigned char *'} but argument is of type 'const char *'
  633 |                                     uint16_t MemAddSize, uint8_t *pData, uint16_t Size, uint32_t Timeout);
      |                                                          ~~~~~~~~~^~~~~
../Core/Src/main.c:136:92: warning: passing argument 5 of 'HAL_I2C_Mem_Read' makes pointer from integer without a cast [-Wint-conversion]
  136 |                         HAL_I2C_Mem_Read(&hi2c1, EEPROM_ADDR, addr, I2C_MEMADD_SIZE_16BIT, values, sizeof(values), 1000);
      |                                                                                            ^~~~~~
      |                                                                                            |
      |                                                                                            uint8_t {aka unsigned char}
../Drivers/STM32F0xx_HAL_Driver/Inc/stm32f0xx_hal_i2c.h:635:66: note: expected 'uint8_t *' {aka 'unsigned char *'} but argument is of type 'uint8_t' {aka 'unsigned char'}
  635 |                                    uint16_t MemAddSize, uint8_t *pData, uint16_t Size, uint32_t Timeout);
      |                                                         ~~~~~~~~~^~~~~
../Core/Src/main.c:126:17: warning: 'values' may be used uninitialized [-Wmaybe-uninitialized]
  126 |                 HAL_I2C_Mem_Read(&hi2c1, EEPROM_ADDR, addr, I2C_MEMADD_SIZE_16BIT, values, sizeof(values), 1000);
      |                 ^~~~~~~~~~~~~~~~~~~~~~~~~~~~~~~~~~~~~~~~~~~~~~~~~~~~~~~~~~~~~~~~~~~~~~~~~~~~~~~~~~~~~~~~~~~~~~~~
../Core/Src/main.c:123:25: note: 'values' was declared here
  123 |                 uint8_t values;
      |                         ^~~~~~
../Core/Src/main.c:136:25: warning: 'values' may be used uninitialized [-Wmaybe-uninitialized]
  136 |                         HAL_I2C_Mem_Read(&hi2c1, EEPROM_ADDR, addr, I2C_MEMADD_SIZE_16BIT, values, sizeof(values), 1000);
      |                         ^~~~~~~~~~~~~~~~~~~~~~~~~~~~~~~~~~~~~~~~~~~~~~~~~~~~~~~~~~~~~~~~~~~~~~~~~~~~~~~~~~~~~~~~~~~~~~~~
../Core/Src/main.c:133:25: note: 'values' was declared here
  133 |                 uint8_t values;
      |                         ^~~~~~
arm-none-eabi-gcc -o "fifth_sesion.elf" @"objects.list"   -mcpu=cortex-m0 -T"C:\Users\marti\Documents\____school\Mikrocontrolers\MKS_Public\fifth_sesion\STM32F030R8TX_FLASH.ld" --specs=nosys.specs -Wl,-Map="fifth_sesion.map" -Wl,--gc-sections -static --specs=nano.specs -mfloat-abi=soft -mthumb -Wl,--start-group -lc -lm -Wl,--end-group
Finished building target: fifth_sesion.elf
 
arm-none-eabi-size  fifth_sesion.elf 
arm-none-eabi-objdump -h -S fifth_sesion.elf  > "fifth_sesion.list"
   text	   data	    bss	    dec	    hex	filename
  20572	    104	   2328	  23004	   59dc	fifth_sesion.elf
Finished building: default.size.stdout
 
Finished building: fifth_sesion.list
 

09:58:40 Build Finished. 0 errors, 6 warnings. (took 1s.223ms)

