20:35:01 **** Incremental Build of configuration Debug for project fifth_sesion ****
make -j8 all 
arm-none-eabi-gcc "../Core/Src/main.c" -mcpu=cortex-m0 -std=gnu11 -g3 -DDEBUG -DUSE_HAL_DRIVER -DSTM32F030x8 -c -I../Core/Inc -I../Drivers/STM32F0xx_HAL_Driver/Inc -I../Drivers/STM32F0xx_HAL_Driver/Inc/Legacy -I../Drivers/CMSIS/Device/ST/STM32F0xx/Include -I../Drivers/CMSIS/Include -O0 -ffunction-sections -fdata-sections -Wall -fstack-usage -fcyclomatic-complexity -MMD -MP -MF"Core/Src/main.d" -MT"Core/Src/main.o" --specs=nano.specs -mfloat-abi=soft -mthumb -o "Core/Src/main.o"
../Core/Src/main.c: In function 'uart_process_command':
../Core/Src/main.c:78:24: warning: passing argument 1 of 'strtok' discards 'const' qualifier from pointer target type [-Wdiscarded-qualifiers]
   78 |         token = strtok(data," ");
      |                        ^~~~
In file included from ../Core/Src/main.c:25:
C:\ST\STM32CubeIDE_1.16.1\STM32CubeIDE\plugins\com.st.stm32cube.ide.mcu.externaltools.gnu-tools-for-stm32.12.3.rel1.win32_1.0.200.202406191623\tools\bin/../lib/gcc/arm-none-eabi/12.3.1/../../../../arm-none-eabi/include/string.h:50:18: note: expected 'char * restrict' but argument is of type 'const char *'
   50 | char    *strtok (char *__restrict, const char *__restrict);
      |                  ^
arm-none-eabi-gcc -o "fifth_sesion.elf" @"objects.list"   -mcpu=cortex-m0 -T"C:\Users\marti\Documents\____school\Mikrocontrolers\MKS_Public\fifth_sesion\STM32F030R8TX_FLASH.ld" --specs=nosys.specs -Wl,-Map="fifth_sesion.map" -Wl,--gc-sections -static --specs=nano.specs -mfloat-abi=soft -mthumb -Wl,--start-group -lc -lm -Wl,--end-group
Finished building target: fifth_sesion.elf
 
arm-none-eabi-size  fifth_sesion.elf 
arm-none-eabi-objdump -h -S fifth_sesion.elf  > "fifth_sesion.list"
   text	   data	    bss	    dec	    hex	filename
  21360	    104	   2328	  23792	   5cf0	fifth_sesion.elf
Finished building: default.size.stdout
 
Finished building: fifth_sesion.list
 

20:35:03 Build Finished. 0 errors, 1 warnings. (took 1s.810ms)

