09:27:47 **** Incremental Build of configuration Debug for project last_sesion ****
make -j8 all 
arm-none-eabi-gcc "../Core/Src/main.c" -mcpu=cortex-m4 -std=gnu11 -g3 -DDEBUG -DUSE_HAL_DRIVER -DSTM32F429xx -c -I../Core/Inc -I../Drivers/STM32F4xx_HAL_Driver/Inc -I../Drivers/STM32F4xx_HAL_Driver/Inc/Legacy -I../Drivers/CMSIS/Device/ST/STM32F4xx/Include -I../Drivers/CMSIS/Include -I../USB_DEVICE/App -I../USB_DEVICE/Target -I../Middlewares/ST/STM32_USB_Device_Library/Core/Inc -I../Middlewares/ST/STM32_USB_Device_Library/Class/HID/Inc -O0 -ffunction-sections -fdata-sections -Wall -fstack-usage -fcyclomatic-complexity -MMD -MP -MF"Core/Src/main.d" -MT"Core/Src/main.o" --specs=nano.specs -mfpu=fpv4-sp-d16 -mfloat-abi=hard -mthumb -o "Core/Src/main.o"
../Core/Src/main.c: In function 'draw_half_circule':
../Core/Src/main.c:105:21: warning: unused variable 'yy' [-Wunused-variable]
  105 |                 int yy = py;
      |                     ^~
../Core/Src/main.c:104:21: warning: unused variable 'xx' [-Wunused-variable]
  104 |                 int xx = px;
      |                     ^~
arm-none-eabi-gcc -o "last_sesion.elf" @"objects.list"   -mcpu=cortex-m4 -T"C:\Users\marti\Documents\____school\Mikrocontrolers\MKS_Public\last_sesion\STM32F429ZITX_FLASH.ld" --specs=nosys.specs -Wl,-Map="last_sesion.map" -Wl,--gc-sections -static --specs=nano.specs -mfpu=fpv4-sp-d16 -mfloat-abi=hard -mthumb -Wl,--start-group -lc -lm -Wl,--end-group
Finished building target: last_sesion.elf
 
arm-none-eabi-size  last_sesion.elf 
arm-none-eabi-objdump -h -S last_sesion.elf  > "last_sesion.list"
   text	   data	    bss	    dec	    hex	filename
  35996	    284	   4164	  40444	   9dfc	last_sesion.elf
Finished building: default.size.stdout
 
Finished building: last_sesion.list
 

09:27:48 Build Finished. 0 errors, 2 warnings. (took 1s.467ms)

