09:53:10 **** Incremental Build of configuration Debug for project sixth_sesion ****
make -j8 all 
arm-none-eabi-gcc "../Core/Src/main.c" -mcpu=cortex-m0 -std=gnu11 -g3 -DDEBUG -DUSE_HAL_DRIVER -DSTM32F030x8 -c -I../Core/Inc -I../Drivers/STM32F0xx_HAL_Driver/Inc -I../Drivers/STM32F0xx_HAL_Driver/Inc/Legacy -I../Drivers/CMSIS/Device/ST/STM32F0xx/Include -I../Drivers/CMSIS/Include -O0 -ffunction-sections -fdata-sections -Wall -fstack-usage -fcyclomatic-complexity -MMD -MP -MF"Core/Src/main.d" -MT"Core/Src/main.o" --specs=nano.specs -mfloat-abi=soft -mthumb -o "Core/Src/main.o"
arm-none-eabi-gcc -o "sixth_sesion.elf" @"objects.list"   -mcpu=cortex-m0 -T"C:\Users\marti\Documents\____school\Mikrocontrolers\MKS_Public\sixth_sesion\STM32F030R8TX_FLASH.ld" --specs=nosys.specs -Wl,-Map="sixth_sesion.map" -Wl,--gc-sections -static --specs=nano.specs -mfloat-abi=soft -mthumb -Wl,--start-group -lc -lm -Wl,--end-group
Finished building target: sixth_sesion.elf
 
arm-none-eabi-size  sixth_sesion.elf 
arm-none-eabi-objdump -h -S sixth_sesion.elf  > "sixth_sesion.list"
   text	   data	    bss	    dec	    hex	filename
  12292	   2060	   1804	  16156	   3f1c	sixth_sesion.elf
Finished building: default.size.stdout
 
Finished building: sixth_sesion.list
 

09:53:11 Build Finished. 0 errors, 0 warnings. (took 714ms)

